{"command":"dispatch-wave","correlation":{"delivery_run_id":"run-golden","source":"dispatch-wave"},"item":{"confidence":"exact","duration":"42s","effort":"high","freshness":"durable","id":"issue-864","kind":"worker","model":"gpt-5.5","permission":"write","provider":"codex","redaction":{"applied":true,"fields":["payload_json","provider_output","diagnostics","paths","secret_reference"],"mode":"payload_hash_only","payload_exposed":false},"source_refs":[{"delivery_run_id":"run-golden","provenance":"dispatch-wave","record_id":"job-4","table":"dispatch_wave"}],"status":"succeeded","truncation":{"applied":false,"fields":[]},"usage":{"input_tokens":220,"output_tokens":44,"total_tokens":264}},"redaction":{"applied":true,"fields":["payload_json","provider_output","diagnostics","paths","secret_reference"],"mode":"payload_hash_only","payload_exposed":false},"schema_version":"loopcoder.observability_render.v1"}
{"command":"dispatch-wave","correlation":{"delivery_run_id":"run-golden","source":"dispatch-wave"},"item":{"confidence":"exact","duration":"42s","effort":"high","freshness":"durable","id":"issue-865","kind":"worker","model":"gpt-5.5","permission":"write","provider":"codex","redaction":{"applied":true,"fields":["payload_json","provider_output","diagnostics","paths","secret_reference"],"mode":"payload_hash_only","payload_exposed":false},"source_refs":[{"delivery_run_id":"run-golden","provenance":"dispatch-wave","record_id":"job-5","table":"dispatch_wave"}],"status":"succeeded","truncation":{"applied":false,"fields":[]},"usage":{"input_tokens":220,"output_tokens":44,"total_tokens":264}},"redaction":{"applied":true,"fields":["payload_json","provider_output","diagnostics","paths","secret_reference"],"mode":"payload_hash_only","payload_exposed":false},"schema_version":"loopcoder.observability_render.v1"}
