{"command":"status","correlation":{"delivery_run_id":"run-golden","project_id":"proj_TEST","source":"status"},"item":{"confidence":"exact","duration":"","effort":"high","freshness":"durable","id":"run-golden","kind":"run-tree-node","model":"gpt-5.5","permission":"write","provider":"codex","redaction":{"applied":true,"fields":["payload_json","provider_output","diagnostics","paths","secret_reference"],"mode":"payload_hash_only","payload_exposed":false},"source_refs":[{"delivery_run_id":"run-golden","project_id":"proj_TEST","provenance":"local-run-tree","record_id":"run-golden","table":"run_tree"}],"status":"planned","truncation":{"applied":false,"fields":[]},"usage":{"input_tokens":null,"output_tokens":null,"total_tokens":null}},"redaction":{"applied":true,"fields":["payload_json","provider_output","diagnostics","paths","secret_reference"],"mode":"payload_hash_only","payload_exposed":false},"schema_version":"loopcoder.observability_render.v1"}
{"command":"status","correlation":{"delivery_run_id":"run-golden","project_id":"proj_TEST","source":"status"},"item":{"confidence":"exact","duration":"42s","effort":"high","freshness":"durable","id":"job-864","kind":"worker-status","model":"gpt-5.5","permission":"write","provider":"codex","redaction":{"applied":true,"fields":["payload_json","provider_output","diagnostics","paths","secret_reference"],"mode":"payload_hash_only","payload_exposed":false},"source_refs":[{"delivery_run_id":"run-golden","provenance":"local-run-status","record_id":"job-864","table":"worker_attempts"}],"status":"succeeded","truncation":{"applied":false,"fields":[]},"usage":{"input_tokens":120,"output_tokens":34,"total_tokens":154}},"redaction":{"applied":true,"fields":["payload_json","provider_output","diagnostics","paths","secret_reference"],"mode":"payload_hash_only","payload_exposed":false},"schema_version":"loopcoder.observability_render.v1"}
{"command":"status","correlation":{"delivery_run_id":"run-golden","project_id":"proj_TEST","source":"status"},"item":{"confidence":"exact","duration":"42s","effort":"high","freshness":"durable","id":"job-865","kind":"worker-status","model":"gpt-5.5","permission":"write","provider":"codex","redaction":{"applied":true,"fields":["payload_json","provider_output","diagnostics","paths","secret_reference"],"mode":"payload_hash_only","payload_exposed":false},"source_refs":[{"delivery_run_id":"run-golden","provenance":"local-run-status","record_id":"job-865","table":"worker_attempts"}],"status":"succeeded","truncation":{"applied":false,"fields":[]},"usage":{"input_tokens":220,"output_tokens":44,"total_tokens":264}},"redaction":{"applied":true,"fields":["payload_json","provider_output","diagnostics","paths","secret_reference"],"mode":"payload_hash_only","payload_exposed":false},"schema_version":"loopcoder.observability_render.v1"}
